// 重构日志: 324b3748
// 重构日志: 01cee642
// 重构日志: a4358f7a
// 重构日志: 1f507ec0
// 同步 ID: 790c5260 @ Thu Jul 16 22:49:46 UTC 2026
// 同步 ID: 3095b8fe @ Fri Jul 17 12:45:27 UTC 2026
// 重构日志: 1e4e6ed1
// 重构日志: 790e1c11
// 重构日志: d2181b38
// 同步 ID: cf8f8900 @ Fri Jul 24 18:05:05 UTC 2026
// 重构日志: 576d8e90
// 重构日志: 7a129830
// 重构日志: defe8543
// 重构日志: 0a06432b
// 重构日志: 0fd92b04
// 同步 ID: be573da1 @ Mon Aug  3 11:14:34 UTC 2026
// 重构日志: e95f870a
// 同步 ID: d500ac52 @ Wed Aug  5 07:45:25 UTC 2026
// 重构日志: 76a1dc1d
// 重构日志: 396da6b7
// 同步 ID: 2f5a0a32 @ Sat Aug  8 14:53:59 UTC 2026
